---
source: tui/src/history_cell/tests.rs
expression: rendered
---
╭────────────────────────────────────────────────────────────────────────────────────────────────────────────╮
│ ✨ Update available! 0.0.0 -> 9.9.9                                                                        │
│ Run sh -c 'curl -fsSL https://raw.githubusercontent.com/happy-proto/codex/fork/scripts/fork/install.sh |   │
│ sh' to update.                                                                                             │
│                                                                                                            │
│ See full release notes:                                                                                    │
│ https://github.com/happy-proto/codex/releases                                                              │
╰────────────────────────────────────────────────────────────────────────────────────────────────────────────╯
